
> frontend@0.1.0 dev
> next dev

▲ Next.js 16.2.3 (Turbopack)
- Local:         http://localhost:3000
- Network:       http://192.168.40.131:3000
- Environments: .env
✓ Ready in 341ms

(node:79219) Warning: `--localstorage-file` was provided without a valid path
(Use `node --trace-warnings ...` to show where the warning was created)
 GET / 200 in 646ms (next.js: 304ms, application-code: 341ms)
 GET /test 200 in 119ms (next.js: 26ms, application-code: 94ms)
 GET / 200 in 51ms (next.js: 4ms, application-code: 46ms)
[browser] Uncaught Error: Hydration failed because the server rendered HTML didn't match the client. As a result this tree will be regenerated on the client. This can happen if a SSR-ed Client Component used:

- A server/client branch `if (typeof window !== 'undefined')`.
- Variable input such as `Date.now()` or `Math.random()` which changes each time it's called.
- Date formatting in a user's locale which doesn't match the server.
- External changing data without sending a snapshot of it along with the HTML.
- Invalid HTML tag nesting.

It can also happen if the client has a browser extension installed which messes with the HTML before React loaded.

https://react.dev/link/hydration-mismatch

  ...
    <InnerLayoutRouter url="/" tree={[...]} params={{}} cacheNode={{rsc:{...}, ...}} segmentPath={[...]} ...>
      <SegmentViewNode type="page" pagePath="page.tsx">
        <SegmentTrieNode>
        <Home>
          <div>
            <LoginPage>
              <div className="min-h-scre...">
                <div className="w-full max...">
                  <h1>
                  <p>
                  <div className="flex justi...">
                    <WalletMultiButton>
                      <BaseWalletMultiButton labels={{...}}>
                        <div className="wallet-ada...">
                          <BaseWalletConnectionButton aria-expanded={false} style={{...}} onClick={function onClick} ...>
                            <Button aria-expanded={false} style={{...}} onClick={function onClick} ...>
                              <button className="wallet-ada..." disabled={undefined} style={{...}} ...>
+                               <i className="wallet-adapter-button-start-icon">
-                               Select Wallet
                                ...
                          ...
      ...

    at <unknown> (https://react.dev/link/hydration-mismatch)
    at i (<anonymous>)
    at LoginPage (app/login/page.tsx:22:21)
    at Home (app/page.tsx:7:7)
  20 |
  21 |                 <div className="flex justify-center mb-6">
> 22 |                     <WalletMultiButton />
     |                     ^
  23 |                 </div>
  24 |
  25 |                 {connected && publicKey && (
✓ Compiled in 1496ms
 GET / 200 in 94ms (next.js: 47ms, application-code: 47ms)
 GET / 200 in 30ms (next.js: 4ms, application-code: 26ms)
 GET / 200 in 36ms (next.js: 7ms, application-code: 30ms)
 GET / 200 in 35ms (next.js: 5ms, application-code: 31ms)
 GET / 200 in 33ms (next.js: 4ms, application-code: 30ms)
 GET / 200 in 239ms (next.js: 3ms, application-code: 236ms)
 GET /test 200 in 27ms (next.js: 9ms, application-code: 18ms)
 GET / 200 in 41ms (next.js: 4ms, application-code: 37ms)
✓ Compiled in 34ms
✓ Compiled in 44ms
 GET / 200 in 490ms (next.js: 183ms, application-code: 307ms)
 GET / 200 in 122ms (next.js: 64ms, application-code: 58ms)
 GET / 200 in 57ms (next.js: 5ms, application-code: 53ms)
 GET / 200 in 57ms (next.js: 29ms, application-code: 28ms)
 GET / 200 in 46ms (next.js: 4ms, application-code: 42ms)
 GET / 200 in 48ms (next.js: 25ms, application-code: 23ms)
 GET / 200 in 54ms (next.js: 4ms, application-code: 50ms)
 GET / 200 in 30ms (next.js: 3ms, application-code: 27ms)
 GET / 200 in 29ms (next.js: 6ms, application-code: 23ms)
 GET / 200 in 174ms (next.js: 4ms, application-code: 169ms)
 GET / 200 in 137ms (next.js: 6ms, application-code: 131ms)
 GET / 200 in 138ms (next.js: 31ms, application-code: 107ms)
 GET / 200 in 112ms (next.js: 26ms, application-code: 86ms)
 GET / 200 in 90ms (next.js: 37ms, application-code: 53ms)
 GET / 200 in 57ms (next.js: 22ms, application-code: 35ms)
 GET / 200 in 182ms (next.js: 8ms, application-code: 174ms)
 GET / 200 in 182ms (next.js: 30ms, application-code: 152ms)
 GET / 200 in 179ms (next.js: 50ms, application-code: 129ms)
 GET / 200 in 135ms (next.js: 30ms, application-code: 105ms)
 GET / 200 in 134ms (next.js: 45ms, application-code: 89ms)
 GET / 200 in 111ms (next.js: 51ms, application-code: 60ms)
 GET / 200 in 156ms (next.js: 7ms, application-code: 150ms)
 GET / 200 in 157ms (next.js: 33ms, application-code: 124ms)
 GET / 200 in 157ms (next.js: 55ms, application-code: 103ms)
 GET / 200 in 158ms (next.js: 75ms, application-code: 83ms)
 GET / 200 in 158ms (next.js: 101ms, application-code: 58ms)
 GET / 200 in 159ms (next.js: 123ms, application-code: 35ms)
 GET / 200 in 212ms (next.js: 42ms, application-code: 170ms)
 GET / 200 in 213ms (next.js: 75ms, application-code: 137ms)
 GET / 200 in 176ms (next.js: 108ms, application-code: 68ms)
 GET / 200 in 178ms (next.js: 84ms, application-code: 94ms)
 GET / 200 in 182ms (next.js: 67ms, application-code: 116ms)
 GET / 200 in 179ms (next.js: 134ms, application-code: 45ms)
 GET / 200 in 323ms (next.js: 38ms, application-code: 285ms)
 GET / 200 in 324ms (next.js: 113ms, application-code: 211ms)
 GET / 200 in 328ms (next.js: 10ms, application-code: 319ms)
 GET / 200 in 328ms (next.js: 149ms, application-code: 179ms)
 GET / 200 in 328ms (next.js: 210ms, application-code: 118ms)
 GET / 200 in 328ms (next.js: 272ms, application-code: 55ms)
 GET / 200 in 103ms (next.js: 7ms, application-code: 97ms)
 GET / 200 in 103ms (next.js: 41ms, application-code: 62ms)
 GET / 200 in 103ms (next.js: 60ms, application-code: 43ms)
 GET / 200 in 211ms (next.js: 135ms, application-code: 76ms)
 GET / 200 in 35ms (next.js: 4ms, application-code: 31ms)
 GET / 200 in 230ms (next.js: 9ms, application-code: 221ms)
 GET / 200 in 231ms (next.js: 40ms, application-code: 192ms)
 GET / 200 in 231ms (next.js: 80ms, application-code: 151ms)
 GET / 200 in 233ms (next.js: 112ms, application-code: 121ms)
 GET / 200 in 161ms (next.js: 108ms, application-code: 53ms)
 GET / 200 in 165ms (next.js: 77ms, application-code: 88ms)
 GET / 200 in 271ms (next.js: 19ms, application-code: 252ms)
 GET / 200 in 209ms (next.js: 9ms, application-code: 200ms)
 GET / 200 in 175ms (next.js: 10ms, application-code: 165ms)
 GET / 200 in 175ms (next.js: 43ms, application-code: 131ms)
 GET / 200 in 174ms (next.js: 86ms, application-code: 89ms)
 GET / 200 in 174ms (next.js: 112ms, application-code: 62ms)
✓ Compiled in 95ms
 GET /dashboard 200 in 220ms (next.js: 192ms, application-code: 28ms)
 GET /dashboard 200 in 67ms (next.js: 38ms, application-code: 28ms)
 GET /dashboard 200 in 227ms (next.js: 5ms, application-code: 223ms)
 GET / 200 in 75ms (next.js: 11ms, application-code: 64ms)
 GET /dashboard 200 in 24ms (next.js: 2ms, application-code: 21ms)

-----
[1m[31mFATAL[39m[0m: An unexpected Turbopack error occurred. A panic log has been written to /tmp/next-panic-96a77c49b9610a9daae07cbcc11f596c.log.

To help make Turbopack better, report this error by ]8;;https://bugs.nextjs.org/search?category=turbopack-error-report&title=Turbopack%20Error%3A%20Failed%20to%20write%20app%20endpoint%20%2Ftest%2Fpage&body=Turbopack%20version%3A%20%60c573e8c4%60%0ANext.js%20version%3A%20%600.0.0%60%0A%0AError%20message%3A%0A%60%60%60%0AFailed%20to%20write%20app%20endpoint%20%2Ftest%2Fpage%0A%0ACaused%20by%3A%0A-%20Cell%20CellId%20%7B%20type_id%3A%20ValueTypeId%20%7B%20id%3A%2081%2C%20name%3A%20ValueType%20%7B%20name%3A%20%22next_core%3A%3Aapp_structure%3A%3AAppPageLoaderTree%22%20%7D%20%7D%2C%20index%3A%200%20%7D%20no%20longer%20exists%20in%20task%20TaskId%20%7B%20id%3A%20240304%20%7D%20directory_tree_to_loader_tree%20%28no%20cell%20of%20this%20type%20exists%29%0A%0ADebug%20info%3A%0A-%20Execution%20of%20hmr_update_with_issues_operation%20failed%0A-%20Execution%20of%20Project%3A%3Ahmr_update%20failed%0A-%20Execution%20of%20VersionedContentMap%3A%3Aget%20failed%0A-%20Execution%20of%20VersionedContentMap%3A%3Aget_asset%20failed%0A-%20Execution%20of%20VersionedContentMap%3A%3Acompute_entry%20failed%0A-%20Execution%20of%20%2Aemit_assets%20failed%0A-%20Execution%20of%20all_assets_from_entries_operation%20failed%0A-%20Execution%20of%20%2Aall_assets_from_entries%20failed%0A-%20Execution%20of%20endpoint_output_assets_operation%20failed%0A-%20Execution%20of%20%3CAppEndpoint%20as%20Endpoint%3E%3A%3Aoutput%20failed%0A-%20Failed%20to%20write%20app%20endpoint%20%2Ftest%2Fpage%0A-%20Execution%20of%20%2Aall_asset_paths%20failed%0A-%20Execution%20of%20%2AAppEndpointOutput%3A%3Aoutput_assets%20failed%0A-%20Execution%20of%20AppEndpoint%3A%3Aoutput%20failed%0A-%20Execution%20of%20get_app_page_entry%20failed%0A-%20Execution%20of%20parse_segment_config_from_loader_tree%20failed%0A-%20Cell%20CellId%20%7B%20type_id%3A%20ValueTypeId%20%7B%20id%3A%2081%2C%20name%3A%20ValueType%20%7B%20name%3A%20%22next_core%3A%3Aapp_structure%3A%3AAppPageLoaderTree%22%20%7D%20%7D%2C%20index%3A%200%20%7D%20no%20longer%20exists%20in%20task%20TaskId%20%7B%20id%3A%20240304%20%7D%20directory_tree_to_loader_tree%20%28no%20cell%20of%20this%20type%20exists%29%0A%60%60%60&labels=Turbopack,Turbopack%20Panic%20Backtrace\clicking here.]8;;\
-----

 GET /dashboard 200 in 90ms (next.js: 45ms, application-code: 45ms)
 GET /dashboard 200 in 70ms (next.js: 10ms, application-code: 60ms)
 GET /dashboard 200 in 26ms (next.js: 3ms, application-code: 23ms)
 GET /dashboard 200 in 31ms (next.js: 4ms, application-code: 27ms)
 GET /dashboard 200 in 110ms (next.js: 5ms, application-code: 105ms)
 GET /dashboard 200 in 51ms (next.js: 5ms, application-code: 46ms)
 GET /dashboard 200 in 122ms (next.js: 6ms, application-code: 116ms)
 GET /dashboard 200 in 73ms (next.js: 4ms, application-code: 69ms)
 GET /dashboard 200 in 72ms (next.js: 19ms, application-code: 53ms)
 GET /dashboard 200 in 29ms (next.js: 3ms, application-code: 26ms)
 GET /dashboard 200 in 84ms (next.js: 5ms, application-code: 79ms)
 GET /dashboard 200 in 84ms (next.js: 25ms, application-code: 59ms)
 GET /dashboard 200 in 83ms (next.js: 59ms, application-code: 24ms)
 GET /dashboard 200 in 84ms (next.js: 40ms, application-code: 45ms)
 GET /dashboard 200 in 151ms (next.js: 5ms, application-code: 147ms)
 GET /dashboard 200 in 152ms (next.js: 27ms, application-code: 124ms)
 GET /dashboard 200 in 152ms (next.js: 48ms, application-code: 104ms)
 GET /dashboard 200 in 153ms (next.js: 67ms, application-code: 85ms)
 GET /dashboard 200 in 54ms (next.js: 3ms, application-code: 51ms)
 GET /dashboard 200 in 54ms (next.js: 21ms, application-code: 33ms)
✓ Compiled in 54ms
 GET /dashboard 200 in 112ms (next.js: 58ms, application-code: 53ms)
